ΓÇëWARNΓÇë Unsupported engine: wanted: {"node":"22.x"} (current: {"node":"v24.1.0","pnpm":"10.11.0"})

> music-organizer@0.2.0 test E:\gh\mmo\app
> vitest run "--run"

The CJS build of Vite's Node API is deprecated. See https://vite.dev/guide/troubleshooting.html#vite-cjs-node-api-deprecated for more details.

[1m[7m[36m RUN [39m[27m[22m [36mv2.1.9 [39m[90mE:/gh/mmo/app[39m

 [32mΓ£ô[39m src/lib/ice-servers.test.ts [2m([22m[2m5 tests[22m[2m)[22m[90m 79[2mms[22m[39m
 [32mΓ£ô[39m src/lib/rekordbox-xml.test.ts [2m([22m[2m7 tests[22m[2m)[22m[90m 4[2mms[22m[39m
 [32mΓ£ô[39m src/lib/sync-apply.test.ts [2m([22m[2m7 tests[22m[2m)[22m[90m 6[2mms[22m[39m
 [32mΓ£ô[39m src/lib/camelot.test.ts [2m([22m[2m8 tests[22m[2m)[22m[90m 4[2mms[22m[39m
 [32mΓ£ô[39m src/lib/ai-call.test.ts [2m([22m[2m7 tests[22m[2m)[22m[90m 5[2mms[22m[39m
 [32mΓ£ô[39m src/lib/rekordbox-import.test.ts [2m([22m[2m7 tests[22m[2m)[22m[90m 34[2mms[22m[39m
 [32mΓ£ô[39m src/lib/organizer.test.ts [2m([22m[2m14 tests[22m[2m)[22m[90m 112[2mms[22m[39m
 [32mΓ£ô[39m src/components/library-empty-state.test.tsx [2m([22m[2m4 tests[22m[2m)[22m[90m 171[2mms[22m[39m

[2m Test Files [22m [1m[32m8 passed[39m[22m[90m (8)[39m
[2m      Tests [22m [1m[32m59 passed[39m[22m[90m (59)[39m
[2m   Start at [22m 15:56:31
[2m   Duration [22m 3.13s[2m (transform 337ms, setup 1.61s, collect 1.24s, tests 414ms, environment 1.40s, prepare 2.17s)[22m

